 Starting ...
 [8.4.19] textutil ~~       T   161 P   161 S     0 F     0
 [8.5.10] textutil ~~       T   161 P   161 S     0 F     0
 [8.6b2]  textutil ~~       T   161 P   161 S     0 F     0

Timings...
Shell                                                                                        Module   Testsuite        Tests Seconds uSec/Test
=====                                                                                        ======   =========        ===== ======= =========
/home/aku/Projects/Tcllib/0.Releases/1.14/Base/../../../Test8.6/Install/Regular/bin/tclsh8.6 textutil adjust_hyph.test 4     1       250000   
/home/aku/Projects/Tcllib/0.Releases/1.14/Base/../../../Test8.4/Install/Regular/bin/tclsh8.4 textutil adjust.test      33    1       30303    
/home/aku/Projects/Tcllib/0.Releases/1.14/Base/../../../Test8.4/Install/Regular/bin/tclsh8.4 textutil expander.test    39    0       0        
/home/aku/Projects/Tcllib/0.Releases/1.14/Base/../../../Test8.4/Install/Regular/bin/tclsh8.4 textutil split.test       26    0       0        
/home/aku/Projects/Tcllib/0.Releases/1.14/Base/../../../Test8.4/Install/Regular/bin/tclsh8.4 textutil tabify.test      27    0       0        
/home/aku/Projects/Tcllib/0.Releases/1.14/Base/../../../Test8.4/Install/Regular/bin/tclsh8.4 textutil textutil.test    24    0       0        
/home/aku/Projects/Tcllib/0.Releases/1.14/Base/../../../Test8.5/Install/Regular/bin/tclsh8.5 textutil adjust.test      33    0       0        
/home/aku/Projects/Tcllib/0.Releases/1.14/Base/../../../Test8.6/Install/Regular/bin/tclsh8.6 textutil adjust.test      33    0       0        
/home/aku/Projects/Tcllib/0.Releases/1.14/Base/../../../Test8.5/Install/Regular/bin/tclsh8.5 textutil adjust_hyph.test 4     0       0        
/home/aku/Projects/Tcllib/0.Releases/1.14/Base/../../../Test8.5/Install/Regular/bin/tclsh8.5 textutil expander.test    39    0       0        
/home/aku/Projects/Tcllib/0.Releases/1.14/Base/../../../Test8.5/Install/Regular/bin/tclsh8.5 textutil repeat.test      8     0       0        
/home/aku/Projects/Tcllib/0.Releases/1.14/Base/../../../Test8.5/Install/Regular/bin/tclsh8.5 textutil split.test       26    0       0        
/home/aku/Projects/Tcllib/0.Releases/1.14/Base/../../../Test8.5/Install/Regular/bin/tclsh8.5 textutil tabify.test      27    0       0        
/home/aku/Projects/Tcllib/0.Releases/1.14/Base/../../../Test8.5/Install/Regular/bin/tclsh8.5 textutil textutil.test    24    0       0        
/home/aku/Projects/Tcllib/0.Releases/1.14/Base/../../../Test8.5/Install/Regular/bin/tclsh8.5 textutil trim.test        15    0       0        
/home/aku/Projects/Tcllib/0.Releases/1.14/Base/../../../Test8.4/Install/Regular/bin/tclsh8.4 textutil trim.test        15    0       0        
/home/aku/Projects/Tcllib/0.Releases/1.14/Base/../../../Test8.4/Install/Regular/bin/tclsh8.4 textutil repeat.test      8     0       0        
/home/aku/Projects/Tcllib/0.Releases/1.14/Base/../../../Test8.6/Install/Regular/bin/tclsh8.6 textutil expander.test    39    0       0        
/home/aku/Projects/Tcllib/0.Releases/1.14/Base/../../../Test8.6/Install/Regular/bin/tclsh8.6 textutil repeat.test      8     0       0        
/home/aku/Projects/Tcllib/0.Releases/1.14/Base/../../../Test8.6/Install/Regular/bin/tclsh8.6 textutil split.test       26    0       0        
/home/aku/Projects/Tcllib/0.Releases/1.14/Base/../../../Test8.6/Install/Regular/bin/tclsh8.6 textutil tabify.test      27    0       0        
/home/aku/Projects/Tcllib/0.Releases/1.14/Base/../../../Test8.6/Install/Regular/bin/tclsh8.6 textutil textutil.test    24    0       0        
/home/aku/Projects/Tcllib/0.Releases/1.14/Base/../../../Test8.6/Install/Regular/bin/tclsh8.6 textutil trim.test        15    0       0        
/home/aku/Projects/Tcllib/0.Releases/1.14/Base/../../../Test8.4/Install/Regular/bin/tclsh8.4 textutil adjust_hyph.test 4     0       0        
=====                                                                                        ======   =========        ===== ======= =========
